// Jest Snapshot v1, https://goo.gl/fbAQLP

exports[`LawnPreviewContainer should match the snapshot 1`] = `
<styled.section>
  <LawnPreviewCard
    afterPic="lawn-after-small.jpg"
    beforePic="lawn-before-small.jpg"
    key="203070453760.30392"
    services={
      Array [
        "Lawn Seeding",
        "Mowing",
        "Tick Spray",
      ]
    }
  />
  <LawnPreviewCard
    afterPic="lawn-after-small.jpg"
    beforePic="lawn-before-small.jpg"
    key="1514668527609.096"
    services={
      Array [
        "Lawn Seeding",
        "Mowing",
      ]
    }
  />
  <LawnPreviewCard
    afterPic="lawn-after-small.jpg"
    beforePic="lawn-before-small.jpg"
    key="956227266886.5725"
    services={
      Array [
        "Tick Spray",
      ]
    }
  />
  <LawnPreviewCard
    afterPic="lawn-after-small.jpg"
    beforePic="lawn-before-small.jpg"
    key="13867196503.99524"
    services={
      Array [
        "Lawn Seeding",
        "Mowing",
        "Tick Spray",
        "Edging",
      ]
    }
  />
  <LawnPreviewCard
    afterPic="lawn-after-small.jpg"
    beforePic="lawn-before-small.jpg"
    key="41058368036.561195"
    services={
      Array [
        "Mowing",
      ]
    }
  />
</styled.section>
`;
