// Jest Snapshot v1, https://goo.gl/fbAQLP

exports[`LawnPreviewContainer should match the snapshot 1`] = `
<styled.section>
  <LawnPreviewCard
    afterPic="lawn-after-small.jpg"
    beforePic="lawn-before-small.jpg"
    key="1067174269278.2302"
    location="Atlanta, Georgia"
    services={
      Array [
        "Lawn Seeding",
        "Mowing",
        "Tick Spray",
      ]
    }
  />
  <LawnPreviewCard
    afterPic="lawn-after-four.jpg"
    beforePic="lawn-before-four.jpg"
    key="700671832007.0618"
    location="Olympia, Washington"
    services={
      Array [
        "Lawn Seeding",
        "Mowing",
      ]
    }
  />
  <LawnPreviewCard
    afterPic="lawn-after-two.jpg"
    beforePic="lawn-before-two.jpg"
    key="651560036325.0018"
    location="Lansing, Michigan"
    services={
      Array [
        "Tick Spray",
      ]
    }
  />
  <LawnPreviewCard
    afterPic="lawn-after-three.jpg"
    beforePic="lawn-before-three.jpg"
    key="1118410399633.331"
    location="Seattle, Washington"
    services={
      Array [
        "Lawn Seeding",
        "Mowing",
        "Tick Spray",
        "Edging",
      ]
    }
  />
  <LawnPreviewCard
    afterPic="lawn-after-small.jpg"
    beforePic="lawn-before-small.jpg"
    key="169464016723.5851"
    location="Hood River, Oregon"
    services={
      Array [
        "Mowing",
      ]
    }
  />
</styled.section>
`;
